***********************************************************
***********************************************************

  This calculation was performed by OpenMX Ver. 4.0
  using 8 MPI processes and 1 OpenMP threads.

  Tue Jul 14 22:58:52 2026

***********************************************************
***********************************************************

System.Name        Si_atom_sp
DATA.PATH        /mnt/shared/DFT_DATA19
Species.Number        1
<Definition.of.Atomic.Species
    Si  Si8.0-s2p2d1  Si_PBE19
Definition.of.Atomic.Species>

Atoms.Number        1
Atoms.SpeciesAndCoordinates.Unit        Ang
<Atoms.SpeciesAndCoordinates
    1  Si  0.0  0.0  0.0  3.0  1.0
Atoms.SpeciesAndCoordinates>

Atoms.UnitVectors.Unit        Ang
<Atoms.UnitVectors
    20.0  0.0  0.0
    0.0  20.0  0.0
    0.0  0.0  20.0
Atoms.UnitVectors>

scf.SpinPolarization        On
scf.maxIter        150
scf.Mixing.History        15
scf.Mixing.Type        Rmm-Diisk
scf.Mixing.StartPulay        6
scf.ElectronicTemperature        300
scf.energycutoff        150.0
scf.criterion        1.0e-9
scf.XcType        GGA-PBE
scf.EigenvalueSolver        Cluster
MD.maxIter        1
MD.Type        Nomd


***********************************************************
***********************************************************

  Required cutoff energy (Ryd) for 3D-grids = 150.0000
      Used cutoff energy (Ryd) for 3D-grids = 149.3058, 149.3058, 149.3058
  Num. of grids of a-, b-, and c-axes = 147, 147, 147

  Num.Grid1.   147
  Num.Grid2.   147
  Num.Grid3.   147


  Cell_Volume =  53986.664296833194 (Bohr^3)
  GridVol     =      0.016995521297 (Bohr^3)
  Cell vectors (bohr) of the grid cell (gtv)
    gtv_a =  0.257105576677,  0.000000000000,  0.000000000000
    gtv_b =  0.000000000000,  0.257105576677,  0.000000000000
    gtv_c =  0.000000000000,  0.000000000000,  0.257105576677
    |gtv_a| =  0.257105576677
    |gtv_b| =  0.257105576677
    |gtv_c| =  0.257105576677

***********************************************************
***********************************************************


***********************************************************
***********************************************************
                  SCF history at MD= 1                    
***********************************************************
***********************************************************

   SCF=   1  NormRD=  1.000000000000  Uele= -0.817561609461
   SCF=   2  NormRD=  0.725058051000  Uele= -0.817561609461
   SCF=   3  NormRD=  0.390905703437  Uele= -0.940395907880
   SCF=   4  NormRD=  0.215397230139  Uele= -1.005653624912
   SCF=   5  NormRD=  0.120531175017  Uele= -1.041248728967
   SCF=   6  NormRD=  0.048630193032  Uele= -1.061041603582
   SCF=   7  NormRD=  0.003839702440  Uele= -1.084346995620
   SCF=   8  NormRD=  0.001014758574  Uele= -1.088868800562
   SCF=   9  NormRD=  0.000065757056  Uele= -1.089627634347
   SCF=  10  NormRD=  0.000016198035  Uele= -1.089708084584
   SCF=  11  NormRD=  0.000001376389  Uele= -1.089687456806
   SCF=  12  NormRD=  0.000000050675  Uele= -1.089685406490
   SCF=  13  NormRD=  0.000000005420  Uele= -1.089685337130
   SCF=  14  NormRD=  0.000000000666  Uele= -1.089685329905
   SCF=  15  NormRD=  0.000000000099  Uele= -1.089685328990

*******************************************************
        Total energy (Hartree) at MD = 1        
*******************************************************

  Uele.         -1.089685328990

  Ukin.          1.316336042290
  UH0.          -3.292493198194
  UH1.           0.023798147490
  Una.          -1.383207207742
  Unl.           0.642961841633
  Uxc0.         -0.870022717040
  Uxc1.         -0.375555701015
  Ucore.         0.000000000000
  Uhub.          0.000000000000
  Ucs.           0.000000000000
  Uzs.           0.000000000000
  Uzo.           0.000000000000
  Uef.           0.000000000000
  UvdW.          0.000000000000
  Uch.           0.000000000000
  Utot.         -3.938182792578

  UpV.           0.000000000000
  Enpy.         -3.938182792578
  Note:

  Utot = Ukin+UH0+UH1+Una+Unl+Uxc0+Uxc1+Ucore+Uhub+Ucs+Uzs+Uzo+Uef+UvdW+Uch

  Uele:   band energy
  Ukin:   kinetic energy
  UH0:    electric part of screened Coulomb energy
  UH1:    difference electron-electron Coulomb energy
  Una:    neutral atom potential energy
  Unl:    non-local potential energy
  Uxc0:   exchange-correlation energy for alpha spin
  Uxc1:   exchange-correlation energy for beta spin
  Ucore:  core-core Coulomb energy
  Uhub:   LDA+U energy
  Ucs:    constraint energy for spin orientation
  Uzs:    Zeeman term for spin magnetic moment
  Uzo:    Zeeman term for orbital magnetic moment
  Uef:    electric energy by electric field
  UvdW:   semi-empirical vdW energy
  Uch:    penalty term to create a core hole

  UpV:    pressure times volume
  Enpy:   Enthalpy = Utot + UpV
  (see also PRB 72, 045121(2005) for the energy contributions)



  Chemical potential (Hartree)      -0.163516573420

***********************************************************
***********************************************************
            Eigenvalues (Hartree) for SCF KS-eq.           
***********************************************************
***********************************************************

   Chemical Potential (Hartree) =  -0.16351657342046
   Number of States             =   3.99999999999904
   HOMO for up-spin   =  4
   HOMO for down-spin =  1
   Eigenvalues
                Up-spin            Down-spin
          1  -0.41338789639094  -0.34794725829213
          2  -0.16417508715771  -0.10212089670388
          3  -0.16417508715762  -0.10212089657662
          4  -0.16417508714406  -0.10212089657356
          5   0.21889458984904   0.26040245502133
          6   0.21889458985901   0.27057755851829
          7   0.21889458985909   0.27057755861132
          8   0.21891944467445   0.27057755861362
          9   0.21891944476070   0.28367652890381
         10   0.22079408644180   0.28367652890620
         11   0.22845176050685   0.28367652900528
         12   0.22845176050697   0.28392750778630
         13   0.22845176051444   0.28392750793345

***********************************************************
***********************************************************
                   Mulliken populations                    
***********************************************************
***********************************************************

  Total spin moment (muB)   2.000000000

                    Up spin      Down spin     Sum           Diff
      1   Si      3.000000000  1.000000000   4.000000000   2.000000000

 Sum of MulP: up   =     3.00000 down          =     1.00000
              total=     4.00000 ideal(neutral)=     4.00000


  Decomposed Mulliken populations

    1   Si          Up spin      Down spin     Sum           Diff
            multiple
  s           0    0.999528829  0.999935303   1.999464132  -0.000406473
   sum over m      0.999528829  0.999935303   1.999464132  -0.000406473
  s           1    0.000471171  0.000064697   0.000535868   0.000406473
   sum over m      0.000471171  0.000064697   0.000535868   0.000406473
   sum over m+mul  1.000000000  1.000000000   2.000000000   0.000000000
  px          0    0.666395744  0.000000000   0.666395744   0.666395744
  py          0    0.666395744  0.000000000   0.666395744   0.666395744
  pz          0    0.666395740  0.000000000   0.666395740   0.666395740
   sum over m      1.999187228  0.000000000   1.999187228   1.999187228
  px          1    0.000270924 -0.000000000   0.000270924   0.000270924
  py          1    0.000270924  0.000000000   0.000270924   0.000270924
  pz          1    0.000270924  0.000000000   0.000270924   0.000270924
   sum over m      0.000812772 -0.000000000   0.000812772   0.000812772
   sum over m+mul  2.000000000  0.000000000   2.000000000   2.000000000
  d3z^2-r^2   0    0.000000000  0.000000000   0.000000000  -0.000000000
  dx^2-y^2    0    0.000000000  0.000000000   0.000000000   0.000000000
  dxy         0    0.000000000  0.000000000   0.000000000   0.000000000
  dxz         0    0.000000000  0.000000000   0.000000000   0.000000000
  dyz         0    0.000000000  0.000000000   0.000000000  -0.000000000
   sum over m      0.000000000  0.000000000   0.000000000  -0.000000000
   sum over m+mul  0.000000000  0.000000000   0.000000000  -0.000000000

***********************************************************
***********************************************************
                    Dipole moment (Debye)                  
***********************************************************
***********************************************************

 Absolute D        0.00000000

                      Dx                Dy                Dz
 Total              0.00000000        0.00000000        0.00000000
 Core               0.00000000        0.00000000        0.00000000
 Electron           0.00000000        0.00000000        0.00000000
 Back ground        0.00000000       -0.00000000        0.00000000

***********************************************************
***********************************************************
       xyz-coordinates (Ang) and forces (Hartree/Bohr)  
***********************************************************
***********************************************************

<coordinates.forces
  1
    1    Si     0.00000   0.00000   0.00000  -0.000000000000  0.000000000000 -0.000000000000
coordinates.forces>

***********************************************************
***********************************************************
       Fractional coordinates of the final structure       
***********************************************************
***********************************************************

     1     Si     0.00000000000000   0.00000000000000   0.00000000000000

***********************************************************
***********************************************************
               Computational Time (second)                 
***********************************************************
***********************************************************

   Elapsed.Time.        15.076

                               Min_ID   Min_Time       Max_ID   Max_Time
   Total Computational Time =     3       14.792          0       15.076
   readfile                 =     4        2.191          0        2.191
   truncation               =     1        0.153          0        0.163
   MD_pac                   =     0        0.001          1        0.001
   OutData                  =     7        2.718          0        2.996
   HWF                      =     0        0.000          0        0.000
   DFT                      =     0        9.577          1        9.586

*** In DFT ***

   Set_OLP_Kin              =     2        0.097          1        0.131
   Set_Nonlocal             =     0        0.007          2        0.015
   Set_ProExpn_VNA          =     4        0.142          0        0.144
   Set_Hamiltonian          =     0        2.125          1        2.125
   Poisson                  =     7        0.461          0        0.461
   Diagonalization          =     1        0.071          7        0.071
   Mixing_DM                =     7        4.872          6        4.872
   Force                    =     0        0.073          0        0.073
   Total_Energy             =     4        0.071          0        0.072
   Set_Aden_Grid            =     6        0.029          2        0.032
   Set_Orbitals_Grid        =     1        0.000          0        0.019
   Set_Density_Grid         =     6        0.286          2        0.299
   RestartFileDFT           =     2        0.007          0        0.009
   Mulliken_Charge          =     0        0.002          1        0.002
   FFT(2D)_Density          =     5        1.009          2        1.009
   Others                   =     3        0.284          2        0.311
